Copyright 1986-2022 Xilinx, Inc. All Rights Reserved.
---------------------------------------------------------------------------------------
| Tool Version : Vivado v.2022.2 (lin64) Build 3671981 Fri Oct 14 04:59:54 MDT 2022
| Date         : Mon May  9 14:31:44 2025
| Host         : ubuntu-build-01 running 64-bit Ubuntu 20.04.6 LTS
| Command      : report_utilization -file reports/utilization.rpt
| Design       : axi_image_pipeline_top
| Device       : xc7z020clg400-1
| Speed File   : -1
| Design State : Routed
---------------------------------------------------------------------------------------

Utilization Design Information

Table of Contents
-----------------
1. Slice Logic
2. Slice Logic Distribution
3. Memory
4. DSP
5. IO and GT Specific
6. Clocking
7. Specific Feature
8. Primitives
9. Black Boxes
10. Instantiated Netlists

----------------------------------------------------------------------------------
1. Slice Logic
----------------------------------------------------------------------------------

+----------------------------+-------+-------+------------+-----------+-------+
|          Site Type         |  Used | Fixed | Prohibited | Available | Util% |
+----------------------------+-------+-------+------------+-----------+-------+
| Slice LUTs                 | 21847 |     0 |          0 |     53200 | 41.07 |
|   LUT as Logic             | 19234 |     0 |          0 |     53200 | 36.15 |
|   LUT as Memory            |  2613 |     0 |          0 |     17400 | 15.02 |
|     LUT as Distributed RAM |  1824 |     0 |            |           |       |
|     LUT as Shift Register  |   789 |     0 |            |           |       |
| Slice Registers            | 28941 |     0 |          0 |    106400 | 27.20 |
|   Register as Flip Flop    | 28612 |     0 |          0 |    106400 | 26.89 |
|   Register as Latch        |   329 |     0 |          0 |    106400 |  0.31 |
| F7 Muxes                   |   734 |     0 |          0 |     26600 |  2.76 |
| F8 Muxes                   |   187 |     0 |          0 |     13300 |  1.41 |
+----------------------------+-------+-------+------------+-----------+-------+

----------------------------------------------------------------------------------
2. Slice Logic Distribution
----------------------------------------------------------------------------------

+--------------------------------------------+-------+-------+------------+-----------+-------+
|                  Site Type                 |  Used | Fixed | Prohibited | Available | Util% |
+--------------------------------------------+-------+-------+------------+-----------+-------+
| Slice                                      |  8214 |     0 |          0 |     13300 | 61.76 |
|   SLICEL                                   |  5631 |     0 |            |           |       |
|   SLICEM                                   |  2583 |     0 |            |           |       |
| LUT Flip Flop Pairs                        | 24893 |     0 |          0 |     53200 | 46.79 |
|   fully used LUT-FF pairs                  |  9247 |       |            |           |       |
|   LUT-FF pairs with one unused LUT output  |  9831 |       |            |           |       |
|   LUT-FF pairs with one unused Flip Flop   |  5815 |       |            |           |       |
| Unique Control Sets                        |  2107 |       |          0 |     13300 | 15.84 |
+--------------------------------------------+-------+-------+------------+-----------+-------+

----------------------------------------------------------------------------------
3. Memory
----------------------------------------------------------------------------------

+-------------------+------+-------+------------+-----------+-------+
|     Site Type     | Used | Fixed | Prohibited | Available | Util% |
+-------------------+------+-------+------------+-----------+-------+
| Block RAM Tile    |   58 |     0 |          0 |       140 | 41.43 |
|   RAMB36/FIFO*    |   47 |     0 |          0 |       140 | 33.57 |
|     RAMB36E1 only |   47 |       |            |           |       |
|   RAMB18          |   22 |     0 |          0 |       280 |  7.86 |
|     RAMB18E1 only |   22 |       |            |           |       |
+-------------------+------+-------+------------+-----------+-------+
* Note: Each Block RAM Tile only has one FIFO logic available and therefore can accommodate only one FIFO36E1 or one FIFO18E1. However, if a FIFO18E1 occupies a Block RAM Tile, that tile can still accommodate a RAMB18E1

----------------------------------------------------------------------------------
4. DSP
----------------------------------------------------------------------------------

+-----------+------+-------+------------+-----------+-------+
| Site Type | Used | Fixed | Prohibited | Available | Util% |
+-----------+------+-------+------------+-----------+-------+
| DSPs      |   94 |     0 |          0 |       220 | 42.73 |
|   DSP48E1 |   94 |       |            |           |       |
+-----------+------+-------+------------+-----------+-------+

----------------------------------------------------------------------------------
5. IO and GT Specific
----------------------------------------------------------------------------------

+-----------------------------+------+-------+------------+-----------+-------+
|          Site Type          | Used | Fixed | Prohibited | Available | Util% |
+-----------------------------+------+-------+------------+-----------+-------+
| Bonded IOB                  |   48 |    48 |          0 |       200 | 24.00 |
| Bonded IPADs                |    0 |     0 |          0 |         2 |  0.00 |
| Bonded OPADs                |    0 |     0 |          0 |         2 |  0.00 |
| PHY_CONTROL                 |    1 |     1 |          0 |         4 | 25.00 |
| PHASER_REF                  |    1 |     1 |          0 |         4 | 25.00 |
| OUT_FIFO                    |    4 |     4 |          0 |        16 | 25.00 |
| IN_FIFO                     |    2 |     2 |          0 |        16 | 12.50 |
| IDELAYCTRL                  |    1 |     0 |          0 |         4 | 25.00 |
| IBUFDS                      |    2 |     0 |          0 |       192 |  1.04 |
| PHASER_OUT/PHASER_OUT_PHY   |    4 |     4 |          0 |        16 | 25.00 |
| PHASER_IN/PHASER_IN_PHY     |    2 |     2 |          0 |        16 | 12.50 |
| IDELAYE2/IDELAYE2_FINEDELAY |   16 |    16 |          0 |       200 |  8.00 |
| ILOGIC                      |   18 |    18 |          0 |       200 |  9.00 |
| OLOGIC                      |   20 |    20 |          0 |       200 | 10.00 |
+-----------------------------+------+-------+------------+-----------+-------+

----------------------------------------------------------------------------------
6. Clocking
----------------------------------------------------------------------------------

+------------+------+-------+------------+-----------+-------+
|  Site Type | Used | Fixed | Prohibited | Available | Util% |
+------------+------+-------+------------+-----------+-------+
| BUFGCTRL   |    4 |     0 |          0 |        32 | 12.50 |
| BUFIO      |    0 |     0 |          0 |        16 |  0.00 |
| MMCME2_ADV |    2 |     0 |          0 |         4 | 50.00 |
| PLLE2_ADV  |    0 |     0 |          0 |         4 |  0.00 |
| BUFMRCE    |    0 |     0 |          0 |         8 |  0.00 |
| BUFHCE     |    2 |     0 |          0 |        72 |  2.78 |
| BUFR       |    0 |     0 |          0 |        16 |  0.00 |
+------------+------+-------+------------+-----------+-------+

----------------------------------------------------------------------------------
7. Specific Feature
----------------------------------------------------------------------------------

+-------------+------+-------+------------+-----------+--------+
|  Site Type  | Used | Fixed | Prohibited | Available |  Util% |
+-------------+------+-------+------------+-----------+--------+
| BSCANE2     |    0 |     0 |          0 |         4 |   0.00 |
| CAPTUREE2   |    0 |     0 |          0 |         1 |   0.00 |
| DNA_PORT    |    1 |     0 |          0 |         1 | 100.00 |
| EFUSE_USR   |    0 |     0 |          0 |         1 |   0.00 |
| FRAME_ECCE2 |    0 |     0 |          0 |         1 |   0.00 |
| ICAPE2      |    0 |     0 |          0 |         2 |   0.00 |
| STARTUPE2   |    1 |     0 |          0 |         1 | 100.00 |
| XADC        |    1 |     0 |          0 |         1 | 100.00 |
+-------------+------+-------+------------+-----------+--------+

----------------------------------------------------------------------------------
8. Primitives
----------------------------------------------------------------------------------

+------------+-------+---------------------+
|  Ref Name  |  Used | Functional Category |
+------------+-------+---------------------+
| FDRE       | 26843 |        Flop & Latch |
| LUT6       |  8921 |                 LUT |
| LUT5       |  4832 |                 LUT |
| LUT4       |  3247 |                 LUT |
| LUT3       |  2109 |                 LUT |
| LUT2       |  1847 |                 LUT |
| CARRY4     |  1203 |          CarryLogic |
| RAMD32     |   917 |  Distributed Memory |
| FDSE       |   892 |        Flop & Latch |
| SRL16E     |   612 |  Distributed Memory |
| SRLC32E    |   489 |  Distributed Memory |
| RAMS32     |   421 |  Distributed Memory |
| MUXF7      |   734 |               MuxFx |
| MUXF8      |   187 |               MuxFx |
| LUT1       |   278 |                 LUT |
| DSP48E1    |    94 |              DSP48E |
| RAMB36E1   |    47 |        Block Memory |
| FDCE       |   329 |        Flop & Latch |
| RAMB18E1   |    22 |        Block Memory |
| IBUF       |    22 |                  IO |
| OBUF       |    18 |                  IO |
| OBUFT      |     8 |                  IO |
| BUFGCTRL   |     4 |               Clock |
| MMCME2_ADV |     2 |               Clock |
| BUFHCE     |     2 |               Clock |
| IDELAYE2   |    16 |                  IO |
| ILOGIC     |    18 |                  IO |
| OLOGIC     |    20 |                  IO |
| IBUFDS     |     2 |                  IO |
| DNA_PORT   |     1 |              Others |
| STARTUPE2  |     1 |              Others |
| XADC       |     1 |              Others |
| IDELAYCTRL |     1 |                  IO |
| PHASER_REF |     1 |               Clock |
| PHY_CONTROL|     1 |               Clock |
+------------+-------+---------------------+

----------------------------------------------------------------------------------
9. Black Boxes
----------------------------------------------------------------------------------

+----------+------+
| Ref Name | Used |
+----------+------+


----------------------------------------------------------------------------------
10. Instantiated Netlists
----------------------------------------------------------------------------------

+---------------------------------+------+
|            Ref Name             | Used |
+---------------------------------+------+
| axi_dma_0                       |    1 |
| axi_interconnect_0              |    1 |
| processing_system7_0            |    1 |
| clk_wiz_pixel                   |    1 |
| clk_wiz_ddr                     |    1 |
+---------------------------------+------+
